// Jest Snapshot v1, https://goo.gl/fbAQLP

exports[`App snapshots 1`] = `null`;
